Q(x, y) :- R(y, x, z), R(x, v, z), T(x, z), R(y, x, 1)
