'adbs', 1
'anlp', 1
'ids', 1
'sdp', 1
'mlpr', 1
'rl', 1
'ppls', 1
